✅ **流年记功能已全面删除完成！**

## 🗑️ 已删除的文件清单

### **Java 代码文件：**
- `Memory.java` - 流年记实体类
- `MemoryDao.java` - 流年记数据访问接口
- `MemoryDao.xml` - 流年记MyBatis映射文件
- `MemoryService.java` - 流年记服务接口
- `MemoryServiceImpl.java` - 流年记服务实现类
- `MemoryController.java` - 流年记管理控制器
- `ArchiveShowController.java` - 流年记展示控制器

### **HTML 模板文件：**
- `memorys.html` - 流年记管理页面
- `memorys-input.html` - 流年记编辑页面
- `archives.html` - 流年记展示页面

### **导航菜单更新：**
已从所有页面的导航菜单中删除了"流年记"链接：
- `index.html` - 首页
- `blog.html` - 博客页面
- `friends.html` - 友人帐页面
- `resources.html` - 资源库页面
- `types.html` - 分类页面
- `search.html` - 搜索页面
- `message.html` - 留言板页面
- `music.html` - 音乐盒页面
- `picture.html` - 照片墙页面
- `about.html` - 关于我页面
- `discussions.html` - 话题管理页面

## 🎯 删除效果

现在整个博客系统中已经完全移除了"流年记"功能：
- ✅ 后端Java代码全部删除
- ✅ 前端HTML模板全部删除
- ✅ 导航菜单链接全部更新
- ✅ 数据库映射文件全部删除
- ✅ 服务层和控制器层代码全部删除

**流年记功能已彻底从您的博客系统中移除！** 系统现在更加简洁，不会再有相关的功能或链接出现。